// Jest Snapshot v1, https://goo.gl/fbAQLP

exports[`Renders app page correctly 1`] = `
<div
  className="App"
>
  <div
    className="search"
  >
    <input
      onChange={[Function]}
      type="search"
    />
    <button>
      Cancel
    </button>
  </div>
  <div
    className="team-list"
  >
    <div
      className="team"
      onClick={[Function]}
    >
      <img
        alt="Arsenal logo"
        onAbort={[Function]}
        onError={[Function]}
        src="https://s3-eu-west-1.amazonaws.com/inconbucket/images/entities/original/632.jpg"
      />
      <div
        className="overlay"
      >
        <span
          className="team-name"
        >
          Arsenal
        </span>
      </div>
    </div>
    <div
      className="team"
      onClick={[Function]}
    >
      <img
        alt="Bournemouth logo"
        onAbort={[Function]}
        onError={[Function]}
        src="https://s3-eu-west-1.amazonaws.com/inconbucket/images/entities/original/631.jpg"
      />
      <div
        className="overlay"
      >
        <span
          className="team-name"
        >
          Bournemouth
        </span>
      </div>
    </div>
    <div
      className="team"
      onClick={[Function]}
    >
      <img
        alt="Brighton & Hove Albion logo"
        onAbort={[Function]}
        onError={[Function]}
        src="https://s3-eu-west-1.amazonaws.com/inconbucket/images/entities/original/2465.jpg"
      />
      <div
        className="overlay"
      >
        <span
          className="team-name"
        >
          Brighton & Hove Albion
        </span>
      </div>
    </div>
    <div
      className="team"
      onClick={[Function]}
    >
      <img
        alt="Burnley logo"
        onAbort={[Function]}
        onError={[Function]}
        src="https://s3-eu-west-1.amazonaws.com/inconbucket/images/entities/original/650.jpg"
      />
      <div
        className="overlay"
      >
        <span
          className="team-name"
        >
          Burnley
        </span>
      </div>
    </div>
    <div
      className="team"
      onClick={[Function]}
    >
      <img
        alt="Cardiff City logo"
        onAbort={[Function]}
        onError={[Function]}
        src="https://s3-eu-west-1.amazonaws.com/inconbucket/images/entities/original/5542.jpg"
      />
      <div
        className="overlay"
      >
        <span
          className="team-name"
        >
          Cardiff City
        </span>
      </div>
    </div>
    <div
      className="team"
      onClick={[Function]}
    >
      <img
        alt="Chelsea logo"
        onAbort={[Function]}
        onError={[Function]}
        src="https://s3-eu-west-1.amazonaws.com/inconbucket/images/entities/original/635.jpg"
      />
      <div
        className="overlay"
      >
        <span
          className="team-name"
        >
          Chelsea
        </span>
      </div>
    </div>
    <div
      className="team"
      onClick={[Function]}
    >
      <img
        alt="Crystal Palace logo"
        onAbort={[Function]}
        onError={[Function]}
        src="https://s3-eu-west-1.amazonaws.com/inconbucket/images/entities/original/637.jpg"
      />
      <div
        className="overlay"
      >
        <span
          className="team-name"
        >
          Crystal Palace
        </span>
      </div>
    </div>
    <div
      className="team"
      onClick={[Function]}
    >
      <img
        alt="Everton logo"
        onAbort={[Function]}
        onError={[Function]}
        src="https://s3-eu-west-1.amazonaws.com/inconbucket/images/entities/original/639.jpg"
      />
      <div
        className="overlay"
      >
        <span
          className="team-name"
        >
          Everton
        </span>
      </div>
    </div>
    <div
      className="team"
      onClick={[Function]}
    >
      <img
        alt="Fulham logo"
        onAbort={[Function]}
        onError={[Function]}
        src="https://s3-eu-west-1.amazonaws.com/inconbucket/images/entities/original/5770.jpg"
      />
      <div
        className="overlay"
      >
        <span
          className="team-name"
        >
          Fulham
        </span>
      </div>
    </div>
    <div
      className="team"
      onClick={[Function]}
    >
      <img
        alt="Huddersfield Town logo"
        onAbort={[Function]}
        onError={[Function]}
        src="https://s3-eu-west-1.amazonaws.com/inconbucket/images/entities/original/2464.jpg"
      />
      <div
        className="overlay"
      >
        <span
          className="team-name"
        >
          Huddersfield Town
        </span>
      </div>
    </div>
    <div
      className="team"
      onClick={[Function]}
    >
      <img
        alt="Leicester City logo"
        onAbort={[Function]}
        onError={[Function]}
        src="https://s3-eu-west-1.amazonaws.com/inconbucket/images/entities/original/633.jpg"
      />
      <div
        className="overlay"
      >
        <span
          className="team-name"
        >
          Leicester City
        </span>
      </div>
    </div>
    <div
      className="team"
      onClick={[Function]}
    >
      <img
        alt="Liverpool logo"
        onAbort={[Function]}
        onError={[Function]}
        src="https://s3-eu-west-1.amazonaws.com/inconbucket/images/entities/original/646.jpg"
      />
      <div
        className="overlay"
      >
        <span
          className="team-name"
        >
          Liverpool
        </span>
      </div>
    </div>
    <div
      className="team"
      onClick={[Function]}
    >
      <img
        alt="Manchester City logo"
        onAbort={[Function]}
        onError={[Function]}
        src="https://s3-eu-west-1.amazonaws.com/inconbucket/images/entities/original/642.jpg"
      />
      <div
        className="overlay"
      >
        <span
          className="team-name"
        >
          Manchester City
        </span>
      </div>
    </div>
    <div
      className="team"
      onClick={[Function]}
    >
      <img
        alt="Manchester United logo"
        onAbort={[Function]}
        onError={[Function]}
        src="https://s3-eu-west-1.amazonaws.com/inconbucket/images/entities/original/645.jpg"
      />
      <div
        className="overlay"
      >
        <span
          className="team-name"
        >
          Manchester United
        </span>
      </div>
    </div>
    <div
      className="team"
      onClick={[Function]}
    >
      <img
        alt="Newcastle United logo"
        onAbort={[Function]}
        onError={[Function]}
        src="https://s3-eu-west-1.amazonaws.com/inconbucket/images/entities/original/2463.jpg"
      />
      <div
        className="overlay"
      >
        <span
          className="team-name"
        >
          Newcastle United
        </span>
      </div>
    </div>
    <div
      className="team"
      onClick={[Function]}
    >
      <img
        alt="Southampton logo"
        onAbort={[Function]}
        onError={[Function]}
        src="https://s3-eu-west-1.amazonaws.com/inconbucket/images/entities/original/647.jpg"
      />
      <div
        className="overlay"
      >
        <span
          className="team-name"
        >
          Southampton
        </span>
      </div>
    </div>
    <div
      className="team"
      onClick={[Function]}
    >
      <img
        alt="Tottenham Hotspur logo"
        onAbort={[Function]}
        onError={[Function]}
        src="https://s3-eu-west-1.amazonaws.com/inconbucket/images/entities/original/648.jpg"
      />
      <div
        className="overlay"
      >
        <span
          className="team-name"
        >
          Tottenham Hotspur
        </span>
      </div>
    </div>
    <div
      className="team"
      onClick={[Function]}
    >
      <img
        alt="Watford logo"
        onAbort={[Function]}
        onError={[Function]}
        src="https://s3-eu-west-1.amazonaws.com/inconbucket/images/entities/original/638.jpg"
      />
      <div
        className="overlay"
      >
        <span
          className="team-name"
        >
          Watford
        </span>
      </div>
    </div>
    <div
      className="team"
      onClick={[Function]}
    >
      <img
        alt="West Ham United logo"
        onAbort={[Function]}
        onError={[Function]}
        src="https://s3-eu-west-1.amazonaws.com/inconbucket/images/entities/original/640.jpg"
      />
      <div
        className="overlay"
      >
        <span
          className="team-name"
        >
          West Ham United
        </span>
      </div>
    </div>
    <div
      className="team"
      onClick={[Function]}
    >
      <img
        alt="Wolverhampton logo"
        onAbort={[Function]}
        onError={[Function]}
        src="https://s3-eu-west-1.amazonaws.com/inconbucket/images/entities/original/5543.jpg"
      />
      <div
        className="overlay"
      >
        <span
          className="team-name"
        >
          Wolverhampton
        </span>
      </div>
    </div>
  </div>
</div>
`;
